TMC ring catalog export (renders only)
  collections: engagement-rings, ceremonial-rings
  output: /Users/rahath/Desktop/projects/ELYSIUM MVP/exports/tmc-ring-catalog

Fetching engagement-rings...
  245 products
Fetching ceremonial-rings...
  94 products

Unique products: 333

[1/333] The Amira Ring™ - Oval with Marquise Accents
    ok  Yellow Gold (57 KB)
    skip White Gold (no render)
    ok  Rose Gold (57 KB)
[2/333] The Luise Ring® - Oval Solitaire
    ok  Yellow Gold (47 KB)
    ok  White Gold (40 KB)
    ok  Rose Gold (47 KB)
[3/333] The Audrey Ring - Emerald Solitaire
    ok  Yellow Gold (46 KB)
    ok  White Gold (39 KB)
    ok  Rose Gold (45 KB)
[4/333] The Vienna Ring - Radiant Solitaire
    ok  Yellow Gold (47 KB)
    ok  White Gold (41 KB)
    ok  Rose Gold (47 KB)
[5/333] The Florence Ring - Oval and Pear Cathedral Trilogy
    ok  Yellow Gold (47 KB)
    ok  White Gold (40 KB)
    ok  Rose Gold (47 KB)
[6/333] The Avery Ring - Oval With Marquise and Round Brilliant Band
    ok  Yellow Gold (52 KB)
    ok  White Gold (34 KB)
    ok  Rose Gold (52 KB)
[7/333] The Luise Ring® - Oval Cathedral Solitaire
    ok  Yellow Gold (44 KB)
    ok  White Gold (37 KB)
    ok  Rose Gold (43 KB)
[8/333] The Ophelia Ring - Elongated Cushion Solitaire
    ok  Yellow Gold (39 KB)
    ok  White Gold (32 KB)
    ok  Rose Gold (39 KB)
[9/333] The Luise Ring® - Low Set Oval Solitaire
    ok  Yellow Gold (44 KB)
    ok  White Gold (38 KB)
    ok  Rose Gold (44 KB)
[10/333] The Arie Ring - Marquise Solitaire
    ok  Yellow Gold (53 KB)
    ok  White Gold (42 KB)
    ok  Rose Gold (53 KB)
[11/333] The Maya Ring - Pear Curved Solitaire
    ok  Yellow Gold (48 KB)
    ok  White Gold (40 KB)
    ok  Rose Gold (48 KB)
[12/333] The Isla Ring - Round Solitaire
    ok  Yellow Gold (38 KB)
    ok  White Gold (34 KB)
    ok  Rose Gold (38 KB)
[13/333] The Sophia Ring - Pear Solitaire
    ok  Yellow Gold (47 KB)
    ok  White Gold (38 KB)
    ok  Rose Gold (46 KB)
[14/333] The Audrey Ring - Emerald Bezel Solitaire
    ok  Yellow Gold (52 KB)
    ok  White Gold (43 KB)
    ok  Rose Gold (52 KB)
[15/333] The Audrey Ring - Emerald Cathedral Solitaire
    ok  Yellow Gold (43 KB)
    ok  White Gold (37 KB)
    ok  Rose Gold (43 KB)
[16/333] The Luise Ring® - Oval Bezel Solitaire
    ok  Yellow Gold (47 KB)
    ok  White Gold (43 KB)
    ok  Rose Gold (47 KB)
[17/333] The Celeste Ring - Radiant With Marquise and Round Brilliant Band
    ok  Yellow Gold (58 KB)
    ok  White Gold (40 KB)
    ok  Rose Gold (57 KB)
[18/333] The Isla Ring - Round Cathedral Solitaire
    ok  Yellow Gold (37 KB)
    ok  White Gold (31 KB)
    ok  Rose Gold (37 KB)
[19/333] The Maya Ring - Marquise Curved Solitaire
    ok  Yellow Gold (48 KB)
    ok  White Gold (41 KB)
    ok  Rose Gold (48 KB)
[20/333] The Vienna Ring - Radiant Cathedral Solitaire
    ok  Yellow Gold (44 KB)
    ok  White Gold (37 KB)
    ok  Rose Gold (44 KB)
[21/333] The Florence Ring - Marquise and Pear Cathedral Trilogy
    ok  Yellow Gold (61 KB)
    skip White Gold (no render)
    ok  Rose Gold (61 KB)
[22/333] The Viola Ring - Emerald and Baguette Trilogy
    ok  Yellow Gold (54 KB)
    ok  White Gold (46 KB)
    ok  Rose Gold (54 KB)
[23/333] The Ophelia Ring - Elongated Cushion Cathedral Solitaire
    ok  Yellow Gold (40 KB)
    ok  White Gold (33 KB)
    ok  Rose Gold (40 KB)
[24/333] The Florence Ring - Pear Cathedral Trilogy
    ok  Yellow Gold (55 KB)
    ok  White Gold (47 KB)
    ok  Rose Gold (55 KB)
[25/333] The Arie Ring - Marquise Cathedral Solitaire
    ok  Yellow Gold (52 KB)
    ok  White Gold (37 KB)
    ok  Rose Gold (52 KB)
[26/333] The Vienna Ring - Radiant Half Bezel Solitaire
    ok  Yellow Gold (51 KB)
    ok  White Gold (48 KB)
    ok  Rose Gold (51 KB)
[27/333] The Luise Ring® - Oval Half Bezel Solitaire
    ok  Yellow Gold (55 KB)
    ok  White Gold (50 KB)
    ok  Rose Gold (54 KB)
[28/333] The Arie Ring - Marquise Half Bezel Solitaire
    ok  Yellow Gold (59 KB)
    ok  White Gold (46 KB)
    ok  Rose Gold (59 KB)
[29/333] The Audrey Ring - Emerald Half Bezel Solitaire
    ok  Yellow Gold (51 KB)
    ok  White Gold (48 KB)
    ok  Rose Gold (51 KB)
[30/333] The Celia Ring - Round Trilogy
    ok  Yellow Gold (54 KB)
    ok  White Gold (44 KB)
    ok  Rose Gold (54 KB)
[31/333] The Aurora Ring - Round with Round Brilliant Accents
    ok  Yellow Gold (73 KB)
    skip White Gold (no render)
    ok  Rose Gold (72 KB)
[32/333] The Cora Ring - East-West Emerald Solitaire
    skip Yellow Gold (no render)
    skip White Gold (no render)
    skip Rose Gold (no render)
[33/333] The Amira Ring™ - Marquise with Marquise Accents
    ok  Yellow Gold (60 KB)
    skip White Gold (no render)
    ok  Rose Gold (60 KB)
[34/333] The Maya Ring - Oval Curved Solitaire
    ok  Yellow Gold (46 KB)
    ok  White Gold (38 KB)
    ok  Rose Gold (45 KB)
[35/333] The Odette Ring - Oval Trilogy
    ok  Yellow Gold (68 KB)
    ok  White Gold (58 KB)
    ok  Rose Gold (67 KB)
[36/333] The Florence Ring - Elongated Cushion and Pear Cathedral Trilogy
    ok  Yellow Gold (50 KB)
    skip White Gold (no render)
    ok  Rose Gold (50 KB)
[37/333] The Sophia Ring - Pear Cathedral Solitaire
    ok  Yellow Gold (48 KB)
    ok  White Gold (39 KB)
    ok  Rose Gold (47 KB)
[38/333] The Florence Ring - Round and Pear Cathedral Trilogy
    ok  Yellow Gold (50 KB)
    skip White Gold (no render)
    ok  Rose Gold (50 KB)
[39/333] The Paloma Ring - Cushion Solitaire
    ok  Yellow Gold (40 KB)
    ok  White Gold (33 KB)
    ok  Rose Gold (39 KB)
[40/333] The Amira Ring™ - Pear with Marquise Accents
    ok  Yellow Gold (57 KB)
    skip White Gold (no render)
    ok  Rose Gold (57 KB)
[41/333] The Vienna Ring - Radiant Bezel Solitaire
    ok  Yellow Gold (53 KB)
    ok  White Gold (44 KB)
    ok  Rose Gold (53 KB)
[42/333] The Blaire Ring - Oval and Round Trilogy
    ok  Yellow Gold (48 KB)
    ok  White Gold (40 KB)
    ok  Rose Gold (48 KB)
[43/333] The Athaliah Ring - Oval and Marquise Curved Toi et Moi
    ok  Yellow Gold (67 KB)
    ok  White Gold (55 KB)
    ok  Rose Gold (66 KB)
[44/333] The Amira Ring™ - Elongated Cushion with Marquise Accents
    ok  Yellow Gold (55 KB)
    skip White Gold (no render)
    ok  Rose Gold (55 KB)
[45/333] The Eloise Ring - Oval Antique Halo
    ok  Yellow Gold (69 KB)
    ok  White Gold (58 KB)
    ok  Rose Gold (69 KB)
[46/333] The Florence Ring - Radiant and Pear Cathedral Trilogy
    ok  Yellow Gold (56 KB)
    skip White Gold (no render)
    ok  Rose Gold (56 KB)
[47/333] The Juniper Ring - Ornate Emerald With Accent Stones
    ok  Yellow Gold (60 KB)
    ok  White Gold (50 KB)
    ok  Rose Gold (60 KB)
[48/333] The Aurora Ring - Oval with Round Brilliant Accents
    ok  Yellow Gold (75 KB)
    skip White Gold (no render)
    ok  Rose Gold (74 KB)
[49/333] The Amira Ring™ - Round with Marquise Accents
    ok  Yellow Gold (55 KB)
    skip White Gold (no render)
    ok  Rose Gold (54 KB)
[50/333] The Maya Ring - Round Curved Solitaire
    ok  Yellow Gold (45 KB)
    ok  White Gold (36 KB)
    ok  Rose Gold (45 KB)
[51/333] The Paloma Ring - Cushion Cathedral Solitaire
    ok  Yellow Gold (36 KB)
    ok  White Gold (30 KB)
    ok  Rose Gold (36 KB)
[52/333] The Elora Ring - East-West Oval Solitaire
    ok  Yellow Gold (40 KB)
    ok  White Gold (33 KB)
    ok  Rose Gold (40 KB)
[53/333] The Elise Ring - Split Shank Emerald Solitaire
    ok  Yellow Gold (80 KB)
    ok  White Gold (58 KB)
    ok  Rose Gold (79 KB)
[54/333] The Elise Ring - Split Shank Marquise Solitaire
    ok  Yellow Gold (85 KB)
    ok  White Gold (59 KB)
    ok  Rose Gold (83 KB)
[55/333] The Elise Ring - Split Shank Radiant Solitaire
    ok  Yellow Gold (76 KB)
    ok  White Gold (54 KB)
    ok  Rose Gold (75 KB)
[56/333] The Aleasa Ring - Split Shank East-West Pear Solitaire
    ok  Yellow Gold (66 KB)
    ok  White Gold (48 KB)
    ok  Rose Gold (65 KB)
[57/333] The Aleasa Ring - Split Shank East-West Radiant Solitaire
    ok  Yellow Gold (77 KB)
    ok  White Gold (55 KB)
    ok  Rose Gold (76 KB)
[58/333] The Aleasa Ring - Split Shank East-West Oval Solitaire
    ok  Yellow Gold (70 KB)
    ok  White Gold (50 KB)
    ok  Rose Gold (69 KB)
[59/333] The Aleasa Ring - Split Shank East-West Marquise Solitaire
    ok  Yellow Gold (71 KB)
    ok  White Gold (51 KB)
    ok  Rose Gold (70 KB)
[60/333] The Aleasa Ring - Split Shank East-West Emerald Solitaire
    ok  Yellow Gold (68 KB)
    ok  White Gold (50 KB)
    ok  Rose Gold (68 KB)
[61/333] The Aleasa Ring - Split Shank East-West Elongated Cushion Solitaire
    ok  Yellow Gold (71 KB)
    ok  White Gold (52 KB)
    ok  Rose Gold (70 KB)
[62/333] The Oriana Ring - Split Shank Round Trilogy
    ok  Yellow Gold (80 KB)
    ok  White Gold (58 KB)
    ok  Rose Gold (79 KB)
[63/333] The Oriana Ring - Split Shank Elongated Cushion and Cushion Trilogy
    ok  Yellow Gold (88 KB)
    ok  White Gold (65 KB)
    ok  Rose Gold (87 KB)
[64/333] The Oriana Ring - Split Shank Oval Trilogy
    ok  Yellow Gold (98 KB)
    ok  White Gold (72 KB)
    ok  Rose Gold (96 KB)
[65/333] The Elise Ring - Split Shank Cushion Solitaire
    ok  Yellow Gold (76 KB)
    ok  White Gold (55 KB)
    ok  Rose Gold (75 KB)
[66/333] The Elise Ring - Split Shank Asscher Solitaire
    ok  Yellow Gold (75 KB)
    ok  White Gold (54 KB)
    ok  Rose Gold (74 KB)
[67/333] The Elise Ring - Split Shank Round Solitaire
    ok  Yellow Gold (75 KB)
    ok  White Gold (53 KB)
    ok  Rose Gold (74 KB)
[68/333] The Elise Ring - Split Shank Pear Solitaire
    ok  Yellow Gold (75 KB)
    ok  White Gold (53 KB)
    ok  Rose Gold (74 KB)
[69/333] The Elise Ring - Split Shank Elongated Cushion Solitaire
    ok  Yellow Gold (77 KB)
    ok  White Gold (56 KB)
    ok  Rose Gold (76 KB)
[70/333] The Elise Ring - Split Shank Oval Solitaire
    ok  Yellow Gold (77 KB)
    ok  White Gold (54 KB)
    ok  Rose Gold (76 KB)
[71/333] The Emerie Ring - Double Band Oval and Pear Toi Et Moi
    ok  Yellow Gold (104 KB)
    ok  White Gold (72 KB)
    ok  Rose Gold (103 KB)
[72/333] The Elmira Ring - East-West Asscher Cathedral Solitaire
    ok  Yellow Gold (47 KB)
    ok  White Gold (38 KB)
    ok  Rose Gold (46 KB)
[73/333] The Elijah Ring - Floating Oval Solitaire with Pavé Band
    ok  Yellow Gold (90 KB)
    ok  White Gold (66 KB)
    ok  Rose Gold (88 KB)
[74/333] The Sarina Ring - Floating Oval Solitaire with Twisted Band
    ok  Yellow Gold (55 KB)
    ok  White Gold (43 KB)
    ok  Rose Gold (55 KB)
[75/333] The Amira Ring™ - Emerald with Marquise Accents
    ok  Yellow Gold (55 KB)
    skip White Gold (no render)
    ok  Rose Gold (55 KB)
[76/333] The Noa Ring - Radiant and Trilliant Trilogy
    ok  Yellow Gold (55 KB)
    ok  White Gold (51 KB)
    ok  Rose Gold (55 KB)
[77/333] The Anya Ring - Oval and Half Moon Trilogy
    ok  Yellow Gold (55 KB)
    ok  White Gold (50 KB)
    ok  Rose Gold (54 KB)
[78/333] The Ludae Ring - Marquise Cigar Solitaire
    ok  Yellow Gold (57 KB)
    ok  White Gold (49 KB)
    ok  Rose Gold (57 KB)
[79/333] The Ludae Ring - Oval Cigar Solitaire
    ok  Yellow Gold (57 KB)
    ok  White Gold (47 KB)
    ok  Rose Gold (57 KB)
[80/333] The Eloise Ring - Radiant Antique Halo
    ok  Yellow Gold (69 KB)
    ok  White Gold (58 KB)
    ok  Rose Gold (69 KB)
[81/333] The Emerie Ring - Oval Double Band Solitaire
    ok  Yellow Gold (74 KB)
    ok  White Gold (63 KB)
    ok  Rose Gold (73 KB)
[82/333] The Althea Ring - Oval Cluster
    ok  Yellow Gold (61 KB)
    skip White Gold (no render)
    ok  Rose Gold (61 KB)
[83/333] The Astraea Ring - Round Brilliant Cluster
    ok  Yellow Gold (50 KB)
    skip White Gold (no render)
    ok  Rose Gold (50 KB)
[84/333] The Luise Ring® - Oval Halo
    ok  Yellow Gold (71 KB)
    ok  White Gold (59 KB)
    ok  Rose Gold (71 KB)
[85/333] The Sophia Ring - Pear Halo
    ok  Yellow Gold (77 KB)
    ok  White Gold (64 KB)
    ok  Rose Gold (76 KB)
[86/333] The Isla Ring - Round Halo
    ok  Yellow Gold (70 KB)
    ok  White Gold (58 KB)
    ok  Rose Gold (69 KB)
[87/333] The Audrey Ring - Emerald Halo
    ok  Yellow Gold (63 KB)
    ok  White Gold (52 KB)
    ok  Rose Gold (63 KB)
[88/333] The Audrey Ring - 1.52ct Lab Diamond Emerald Cathedral Solitaire With Hidden Halo
    skip Yellow Gold (no render)
    ok  White Gold (37 KB)
    skip Rose Gold (no render)
[89/333] The Isla Ring - 1.5ct Moissanite Round Cathedral Solitaire
    ok  Yellow Gold (37 KB)
    skip White Gold (no render)
    skip Rose Gold (no render)
[90/333] The Audrey Ring - 1.9ct Moissanite Emerald Cathedral Solitaire
    ok  Yellow Gold (43 KB)
    skip White Gold (no render)
    skip Rose Gold (no render)
[91/333] The Florence Ring - Emerald and Pear Cathedral Trilogy
    ok  Yellow Gold (51 KB)
    ok  White Gold (49 KB)
    ok  Rose Gold (51 KB)
[92/333] The Arie Ring - 2.4ct Moissanite Marquise Solitaire
    skip Yellow Gold (no render)
    skip White Gold (no render)
    ok  Rose Gold (50 KB)
[93/333] The Audrey Ring - 2.00ct Lab Diamond Emerald Solitaire
    ok  Yellow Gold (46 KB)
    skip White Gold (no render)
    skip Rose Gold (no render)
[94/333] The Paloma Ring - 1.51ct Lab Diamond Square Cushion Halo Solitaire
    skip Yellow Gold (no render)
    ok  White Gold (48 KB)
    skip Rose Gold (no render)
[95/333] The Ophelia Ring - Elongated Cushion Bezel Solitaire
    ok  Yellow Gold (57 KB)
    ok  White Gold (46 KB)
    ok  Rose Gold (57 KB)
[96/333] The Arie Ring - Marquise Bezel Solitaire
    ok  Yellow Gold (63 KB)
    ok  White Gold (57 KB)
    ok  Rose Gold (63 KB)
[97/333] The Sophia Ring - East-West Pear Cathedral Solitaire
    ok  Yellow Gold (40 KB)
    ok  White Gold (32 KB)
    ok  Rose Gold (40 KB)
[98/333] The Arie Ring - East-West Marquise Cathedral Solitaire
    ok  Yellow Gold (52 KB)
    ok  White Gold (43 KB)
    ok  Rose Gold (52 KB)
[99/333] The Audrey Ring -  East-West Emerald Cathedral Solitaire
    ok  Yellow Gold (48 KB)
    ok  White Gold (40 KB)
    ok  Rose Gold (48 KB)
[100/333] The Vienna Ring -  East-West Radiant Cathedral Solitaire
    ok  Yellow Gold (46 KB)
    ok  White Gold (38 KB)
    ok  Rose Gold (46 KB)
[101/333] The Luise Ring® - East-West Oval Cathedral Solitaire
    ok  Yellow Gold (42 KB)
    ok  White Gold (34 KB)
    ok  Rose Gold (42 KB)
[102/333] The Ophelia Ring - East-West Elongated Cushion Cathedral Solitaire
    ok  Yellow Gold (43 KB)
    ok  White Gold (34 KB)
    ok  Rose Gold (42 KB)
[103/333] The Sorelle Ring - Suspended Oval Solitaire Wrap Ring
    ok  Yellow Gold (63 KB)
    ok  White Gold (49 KB)
    ok  Rose Gold (62 KB)
[104/333] The Azariah Ring - Elongated Cushion Solitaire with Double Curved Band
    ok  Yellow Gold (84 KB)
    ok  White Gold (58 KB)
    ok  Rose Gold (82 KB)
[105/333] The Azariah Ring - Oval Solitaire with Double Curved Band
    ok  Yellow Gold (83 KB)
    ok  White Gold (57 KB)
    ok  Rose Gold (82 KB)
[106/333] The Thérèse Ring - Floating Oval Solitaire with Twisted Band
    ok  Yellow Gold (59 KB)
    ok  White Gold (44 KB)
    ok  Rose Gold (58 KB)
[107/333] The Adella Ring - Round Brilliant Solitaire with Wrapped Band
    ok  Yellow Gold (61 KB)
    ok  White Gold (44 KB)
    ok  Rose Gold (60 KB)
[108/333] The Audrey Ring - 1.52ct Lab Diamond Emerald Cathedral Solitaire With Hidden Halo
    skip Yellow Gold (no render)
    ok  White Gold (37 KB)
    skip Rose Gold (no render)
[109/333] The Vienna Ring - 1.77ct Lab Diamond Radiant Solitaire
    skip Yellow Gold (no render)
    ok  White Gold (41 KB)
    skip Rose Gold (no render)
[110/333] The Jean Ring - Marquise Bezel Split Band Solitaire
    ok  Yellow Gold (75 KB)
    ok  White Gold (56 KB)
    ok  Rose Gold (74 KB)
[111/333] The Margot Ring - Moval and Half Moon Bezel Trilogy
    ok  Yellow Gold (65 KB)
    ok  White Gold (53 KB)
    ok  Rose Gold (65 KB)
[112/333] The René Ring - Emerald and Tapered Baguette Trilogy
    ok  Yellow Gold (60 KB)
    ok  White Gold (48 KB)
    ok  Rose Gold (60 KB)
[113/333] The Elmira Ring - Asscher Bezel Solitaire
    ok  Yellow Gold (50 KB)
    ok  White Gold (39 KB)
    ok  Rose Gold (49 KB)
[114/333] The Aurora Ring - Pear with Round Brilliant Accents
    ok  Yellow Gold (76 KB)
    skip White Gold (no render)
    ok  Rose Gold (75 KB)
[115/333] The Aurora Ring - Marquise with Round Brilliant Accents
    ok  Yellow Gold (77 KB)
    skip White Gold (no render)
    ok  Rose Gold (76 KB)
[116/333] The Neave Ring - Asscher and Baguette Trilogy
    ok  Yellow Gold (53 KB)
    ok  White Gold (47 KB)
    ok  Rose Gold (53 KB)
[117/333] The Ines Ring - Emerald and Trapezoid Trilogy
    ok  Yellow Gold (54 KB)
    ok  White Gold (45 KB)
    ok  Rose Gold (54 KB)
[118/333] The Ludae Ring - Toi Et Moi Cigar Ring
    ok  Yellow Gold (66 KB)
    ok  White Gold (56 KB)
    ok  Rose Gold (65 KB)
[119/333] The Ludae Ring - Pear Cigar Solitaire
    ok  Yellow Gold (58 KB)
    ok  White Gold (48 KB)
    ok  Rose Gold (57 KB)
[120/333] The Ludae Ring - Elongated Cushion Cigar Solitaire
    ok  Yellow Gold (56 KB)
    ok  White Gold (43 KB)
    ok  Rose Gold (55 KB)
[121/333] The Ludae Ring - Emerald Cigar Solitaire
    ok  Yellow Gold (48 KB)
    ok  White Gold (39 KB)
    ok  Rose Gold (48 KB)
[122/333] The Isla Ring - 1.29ct Lab Grown Diamond Round Brilliant Solitaire
    skip Yellow Gold (no render)
    ok  White Gold (34 KB)
    skip Rose Gold (no render)
[123/333] The Eloise Ring - Marquise Antique Halo
    ok  Yellow Gold (81 KB)
    ok  White Gold (69 KB)
    ok  Rose Gold (80 KB)
[124/333] The Eloise Ring - Emerald Antique Halo
    ok  Yellow Gold (67 KB)
    ok  White Gold (55 KB)
    ok  Rose Gold (66 KB)
[125/333] The Eloise Ring - Pear Antique Halo
    ok  Yellow Gold (76 KB)
    ok  White Gold (65 KB)
    ok  Rose Gold (76 KB)
[126/333] The Eloise Ring - Elongated Cushion Antique Halo
    ok  Yellow Gold (68 KB)
    ok  White Gold (57 KB)
    ok  Rose Gold (68 KB)
[127/333] The Eloise Ring - Round Antique Halo
    ok  Yellow Gold (70 KB)
    ok  White Gold (58 KB)
    ok  Rose Gold (70 KB)
[128/333] The Audrey Ring - 1.9ct Moissanite Emerald Solitaire
    skip Yellow Gold (no render)
    ok  White Gold (39 KB)
    skip Rose Gold (no render)
[129/333] The Emerie Ring - Elongated Cushion Double Band Solitaire
    ok  Yellow Gold (71 KB)
    ok  White Gold (59 KB)
    ok  Rose Gold (71 KB)
[130/333] The Emerie Ring - Radiant Double Band Solitaire
    ok  Yellow Gold (73 KB)
    ok  White Gold (61 KB)
    ok  Rose Gold (72 KB)
[131/333] The Emerie Ring - Marquise Double Band Solitaire
    ok  Yellow Gold (80 KB)
    ok  White Gold (70 KB)
    ok  Rose Gold (80 KB)
[132/333] The Emerie Ring - Pear Double Band Solitaire
    ok  Yellow Gold (76 KB)
    ok  White Gold (64 KB)
    ok  Rose Gold (75 KB)
[133/333] The Emerie Ring - Emerald Double Band Solitaire
    ok  Yellow Gold (71 KB)
    ok  White Gold (60 KB)
    ok  Rose Gold (70 KB)
[134/333] The Elmira Ring - Asscher Solitaire
    ok  Yellow Gold (46 KB)
    ok  White Gold (38 KB)
    ok  Rose Gold (42 KB)
[135/333] The Laurel Ring - Oval with Pear and Marquise Accents
    ok  Yellow Gold (53 KB)
    skip White Gold (no render)
    ok  Rose Gold (53 KB)
[136/333] The Paloma Ring - Cushion Halo
    ok  Yellow Gold (61 KB)
    ok  White Gold (49 KB)
    ok  Rose Gold (61 KB)
[137/333] The Luise Ring® - Oval Solitaire With Knife Edge Band
    ok  Yellow Gold (38 KB)
    ok  White Gold (30 KB)
    ok  Rose Gold (37 KB)
[138/333] The Fleur Ring - Oval With Round Brilliant Accent Stones
    ok  Yellow Gold (57 KB)
    ok  White Gold (46 KB)
    ok  Rose Gold (56 KB)
[139/333] The Arie Ring - Marquise Halo
    ok  Yellow Gold (79 KB)
    ok  White Gold (67 KB)
    ok  Rose Gold (78 KB)
[140/333] The Ophelia Ring - Elongated Cushion Halo
    ok  Yellow Gold (64 KB)
    ok  White Gold (52 KB)
    ok  Rose Gold (63 KB)
[141/333] The Vienna Ring - Radiant Halo
    ok  Yellow Gold (71 KB)
    ok  White Gold (59 KB)
    ok  Rose Gold (71 KB)
[142/333] The Winslow Ring -  Oval Half Bezel Signet
    ok  Yellow Gold (47 KB)
    ok  White Gold (38 KB)
    ok  Rose Gold (47 KB)
[143/333] The Winslow Ring - Emerald Half Bezel Signet
    ok  Yellow Gold (45 KB)
    ok  White Gold (38 KB)
    ok  Rose Gold (45 KB)
[144/333] The Winslow Ring - Radiant Half Bezel Signet
    ok  Yellow Gold (51 KB)
    ok  White Gold (43 KB)
    ok  Rose Gold (51 KB)
[145/333] The Winslow Ring - Elongated Cushion Half Bezel Signet
    ok  Yellow Gold (49 KB)
    ok  White Gold (40 KB)
    ok  Rose Gold (48 KB)
[146/333] The Winslow Ring - Round Half Bezel Signet
    ok  Yellow Gold (46 KB)
    ok  White Gold (38 KB)
    ok  Rose Gold (46 KB)
[147/333] The Winslow Ring -  Pear Half Bezel Signet
    ok  Yellow Gold (50 KB)
    ok  White Gold (41 KB)
    ok  Rose Gold (50 KB)
[148/333] The Luise Ring® - 1.03ct Coloured Lab Diamond Oval Solitaire
    skip Yellow Gold (no render)
    skip White Gold (no render)
    skip Rose Gold (no render)
[149/333] The Elise Ring - 1.53ct Lab Diamond Split Shank Asscher Solitaire
    ok  Yellow Gold (75 KB)
    skip White Gold (no render)
    skip Rose Gold (no render)
[150/333] The Aleasa Ring - 1.83ct Lab Diamond Split Shank East-West Marquise Solitaire
    skip Yellow Gold (no render)
    ok  White Gold (51 KB)
    skip Rose Gold (no render)
[151/333] The Aleasa Ring - 1.30ct Lab Diamond Split Shank East-West Radiant Solitaire
    ok  Yellow Gold (77 KB)
    skip White Gold (no render)
    skip Rose Gold (no render)
[152/333] The Elise Ring - 2.8ct Moissanite Split Shank Emerald Solitaire
    skip Yellow Gold (no render)
    ok  White Gold (58 KB)
    skip Rose Gold (no render)
[153/333] The Maya Ring - 1.5ct Moissanite Oval Curved Solitaire
    skip Yellow Gold (no render)
    ok  White Gold (38 KB)
    skip Rose Gold (no render)
[154/333] The Luise Ring® - Oval Georgian Solitaire
    ok  Yellow Gold (61 KB)
    ok  White Gold (48 KB)
    ok  Rose Gold (61 KB)
[155/333] The Luise Ring® - Oval Cathedral Georgian Solitaire
    ok  Yellow Gold (64 KB)
    ok  White Gold (49 KB)
    ok  Rose Gold (63 KB)
[156/333] The Sophia Ring - Pear Georgian Solitaire
    ok  Yellow Gold (63 KB)
    ok  White Gold (49 KB)
    ok  Rose Gold (63 KB)
[157/333] The Sophia Ring - Pear Cathedral Georgian Solitaire
    ok  Yellow Gold (67 KB)
    ok  White Gold (51 KB)
    ok  Rose Gold (66 KB)
[158/333] The Audrey Ring - Emerald Georgian Solitaire
    ok  Yellow Gold (58 KB)
    ok  White Gold (46 KB)
    ok  Rose Gold (57 KB)
[159/333] The Audrey Ring - Emerald Cathedral Georgian Solitaire
    ok  Yellow Gold (63 KB)
    ok  White Gold (48 KB)
    ok  Rose Gold (62 KB)
[160/333] The Ophelia Ring - Elongated Cushion Georgian Solitaire
    ok  Yellow Gold (56 KB)
    ok  White Gold (43 KB)
    ok  Rose Gold (55 KB)
[161/333] The Ophelia Ring - Elongated Cushion Cathedral Georgian Solitaire
    ok  Yellow Gold (61 KB)
    ok  White Gold (46 KB)
    ok  Rose Gold (60 KB)
[162/333] The Maëlys Ring - Oval and Pear Contoured Toi et Moi
    ok  Yellow Gold (74 KB)
    ok  White Gold (59 KB)
    ok  Rose Gold (74 KB)
[163/333] The Vivienne Ring - Oval and Pear Curved Toi et Moi
    ok  Yellow Gold (68 KB)
    ok  White Gold (53 KB)
    ok  Rose Gold (67 KB)
[164/333] The Nadine Ring - Pear and Oval Organic Curved Toi et Moi
    ok  Yellow Gold (62 KB)
    ok  White Gold (50 KB)
    ok  Rose Gold (62 KB)
[165/333] The Anaïs Ring - Elongated Cushion and Pear Bezel Toi et Moi
    ok  Yellow Gold (82 KB)
    ok  White Gold (64 KB)
    ok  Rose Gold (81 KB)
[166/333] The Zélie Ring - Oval and Pear Bezel Toi et Moi
    ok  Yellow Gold (81 KB)
    ok  White Gold (63 KB)
    ok  Rose Gold (80 KB)
[167/333] The Sophia Ring - Pear Bezel Solitaire
    ok  Yellow Gold (60 KB)
    ok  White Gold (47 KB)
    ok  Rose Gold (60 KB)
[168/333] The Isla Ring - Round Bezel Solitaire
    ok  Yellow Gold (51 KB)
    ok  White Gold (38 KB)
    ok  Rose Gold (50 KB)
[169/333] The Paloma Ring - Cushion Bezel Solitaire
    ok  Yellow Gold (55 KB)
    ok  White Gold (44 KB)
    ok  Rose Gold (54 KB)
[170/333] The Isabeau Ring - Twisted Pear Toi et Moi
    ok  Yellow Gold (66 KB)
    ok  White Gold (53 KB)
    ok  Rose Gold (66 KB)
[171/333] The Isabeau Ring - Twisted Knife Edge Pear Toi et Moi
    ok  Yellow Gold (64 KB)
    ok  White Gold (51 KB)
    ok  Rose Gold (64 KB)
[172/333] The Luise Ring® - Oval Toi et Moi
    ok  Yellow Gold (64 KB)
    ok  White Gold (51 KB)
    ok  Rose Gold (64 KB)
[173/333] The Sophia Ring - Pear Toi et Moi
    ok  Yellow Gold (63 KB)
    ok  White Gold (50 KB)
    ok  Rose Gold (62 KB)
[174/333] The Audrey Ring - Emerald Toi et Moi
    ok  Yellow Gold (56 KB)
    ok  White Gold (45 KB)
    ok  Rose Gold (56 KB)
[175/333] The Arie Ring - Marquise Toi et Moi
    ok  Yellow Gold (66 KB)
    ok  White Gold (51 KB)
    ok  Rose Gold (65 KB)
[176/333] The Aleasa Ring - Split Shank East-West Asscher Solitaire
    ok  Yellow Gold (76 KB)
    ok  White Gold (53 KB)
    ok  Rose Gold (75 KB)
[177/333] The Audrey Ring - 1.9ct Moissanite Emerald Cathedral Solitaire
    ok  Yellow Gold (43 KB)
    skip White Gold (no render)
    skip Rose Gold (no render)
[178/333] The Vienna Ring - 1.0ct Moissanite Radiant Solitaire
    skip Yellow Gold (no render)
    skip White Gold (no render)
    ok  Rose Gold (47 KB)
[179/333] The Eloise Ring - 0.72ct Lab Diamond Pear Antique Halo
    ok  Yellow Gold (76 KB)
    skip White Gold (no render)
    skip Rose Gold (no render)
[180/333] The Luise Ring® - 2.53ct Lab Diamond Oval Solitaire
    skip Yellow Gold (no render)
    ok  White Gold (40 KB)
    skip Rose Gold (no render)
[181/333] The Luise Ring® - 1.25ct Lab Diamond Oval Solitaire
    ok  Yellow Gold (47 KB)
    skip White Gold (no render)
    skip Rose Gold (no render)
[182/333] The Luise Ring® - 1.50ct Lab Diamond Oval Solitaire
    ok  Yellow Gold (47 KB)
    skip White Gold (no render)
    skip Rose Gold (no render)
[183/333] The Luise Ring® - 1.52ct Lab Diamond Oval Solitaire
    ok  Yellow Gold (47 KB)
    skip White Gold (no render)
    skip Rose Gold (no render)
[184/333] The Luise Ring® - 1.52ct Lab Diamond Low Set Oval Solitaire
    ok  Yellow Gold (44 KB)
    skip White Gold (no render)
    skip Rose Gold (no render)
[185/333] The Luise Ring® - 0.98ct Lab Diamond Oval Solitaire
    ok  Yellow Gold (47 KB)
    skip White Gold (no render)
    skip Rose Gold (no render)
[186/333] The Luise Ring® - 1.19ct Lab Diamond Oval Solitaire
    ok  Yellow Gold (47 KB)
    skip White Gold (no render)
    skip Rose Gold (no render)
[187/333] The Luise Ring® - 1.22ct Lab Diamond Oval Solitaire
    ok  Yellow Gold (47 KB)
    skip White Gold (no render)
    skip Rose Gold (no render)
[188/333] The Luise Ring® - 1.59ct Lab Diamond Low Set Oval Solitaire
    ok  Yellow Gold (44 KB)
    skip White Gold (no render)
    skip Rose Gold (no render)
[189/333] The Luise Ring® - 1.59ct Lab Diamond Low Set Oval Solitaire
    ok  Yellow Gold (44 KB)
    skip White Gold (no render)
    skip Rose Gold (no render)
[190/333] The Luise Ring® - 1.59ct Lab Diamond Low Set Oval Solitaire
    ok  Yellow Gold (44 KB)
    skip White Gold (no render)
    skip Rose Gold (no render)
[191/333] The Luise Ring® - 1.02ct Lab Diamond Oval Solitaire
    ok  Yellow Gold (47 KB)
    skip White Gold (no render)
    skip Rose Gold (no render)
[192/333] The Luise Ring® - 1.06ct Lab Diamond Oval Solitaire
    ok  Yellow Gold (47 KB)
    skip White Gold (no render)
    skip Rose Gold (no render)
[193/333] The Luise Ring® - 1.00ct Lab Diamond Oval Solitaire
    ok  Yellow Gold (47 KB)
    skip White Gold (no render)
    skip Rose Gold (no render)
[194/333] The Luise Ring® - 1.59ct Lab Diamond Low Set Oval Solitaire
    ok  Yellow Gold (44 KB)
    skip White Gold (no render)
    skip Rose Gold (no render)
[195/333] The Luise Ring® - 1.51ct Lab Diamond Low Set Oval Solitaire
    ok  Yellow Gold (44 KB)
    skip White Gold (no render)
    skip Rose Gold (no render)
[196/333] The Luise Ring® - 1.50ct Lab Grown Diamond Oval Solitaire
    ok  Yellow Gold (68 KB)
    skip White Gold (no render)
    skip Rose Gold (no render)
[197/333] The Arie Ring - 1.55ct Marquise Lab Diamond Solitaire
    ok  Yellow Gold (51 KB)
    skip White Gold (no render)
    skip Rose Gold (no render)
[198/333] The Arie Ring - 1.58ct Lab Diamond Marquise Solitaire
    ok  Yellow Gold (49 KB)
    skip White Gold (no render)
    skip Rose Gold (no render)
[199/333] The Arie Ring - 1.58ct Lab Diamond Marquise Solitaire
    ok  Yellow Gold (49 KB)
    skip White Gold (no render)
    skip Rose Gold (no render)
[200/333] The Cara Ring - Moval Solitaire
    ok  Yellow Gold (44 KB)
    ok  White Gold (34 KB)
    ok  Rose Gold (43 KB)
[201/333] The Cara Ring - Moval Cathedral Solitaire
    ok  Yellow Gold (43 KB)
    ok  White Gold (34 KB)
    ok  Rose Gold (43 KB)
[202/333] The Cara Ring - Moval Bezel Solitaire
    ok  Yellow Gold (49 KB)
    ok  White Gold (38 KB)
    ok  Rose Gold (49 KB)
[203/333] The Arie Ring - 2.8ct Moissanite Marquise Cathedral Solitaire
    ok  Yellow Gold (59 KB)
    skip White Gold (no render)
    skip Rose Gold (no render)
[204/333] The Avery Ring - 1.08ct Lab Diamond Oval Solitaire with Marquise and Round Band
    ok  Yellow Gold (47 KB)
    skip White Gold (no render)
    skip Rose Gold (no render)
[205/333] The Ophelia Ring - 3.04ct Lab Grown Diamond Elongated Cushion Solitaire
    ok  Yellow Gold (39 KB)
    skip White Gold (no render)
    skip Rose Gold (no render)
[206/333] The Amira Ring - 2.1ct Moissanite Oval with Marquise Accents
    skip Yellow Gold (no render)
    skip White Gold (no render)
    skip Rose Gold (no render)
[207/333] The Amira Ring - 2.1ct Moissanite Oval with Marquise Accents
    skip Yellow Gold (no render)
    skip White Gold (no render)
    skip Rose Gold (no render)
[208/333] The Amira Ring - 2.1ct Moissanite Oval with Marquise Accents
    skip Yellow Gold (no render)
    skip White Gold (no render)
    skip Rose Gold (no render)
[209/333] The Amira Ring - 2.1ct Moissanite Oval with Marquise Accents
    skip Yellow Gold (no render)
    skip White Gold (no render)
    skip Rose Gold (no render)
[210/333] The Amira Ring - 1.0ct Moissanite Oval with Marquise Accents
    skip Yellow Gold (no render)
    skip White Gold (no render)
    skip Rose Gold (no render)
[211/333] The Amira Ring - 1.5ct Moissanite Oval with Marquise Accents
    skip Yellow Gold (no render)
    skip White Gold (no render)
    skip Rose Gold (no render)
[212/333] The Amira Ring - 1.5ct Moissanite Oval with Marquise Accents
    skip Yellow Gold (no render)
    skip White Gold (no render)
    skip Rose Gold (no render)
[213/333] The Amira Ring - 1.5ct Moissanite Oval with Marquise Accents
    skip Yellow Gold (no render)
    skip White Gold (no render)
    skip Rose Gold (no render)
[214/333] The Amira Ring - 1.5ct Moissanite Oval with Marquise Accents
    skip Yellow Gold (no render)
    skip White Gold (no render)
    skip Rose Gold (no render)
[215/333] The Vienna Ring - 2.8ct Moissanite Radiant Solitaire
    ok  Yellow Gold (47 KB)
    skip White Gold (no render)
    skip Rose Gold (no render)
[216/333] The Vienna Ring - 2.8ct Moissanite Radiant Solitaire
    ok  Yellow Gold (47 KB)
    skip White Gold (no render)
    skip Rose Gold (no render)
[217/333] The Luise Ring® - 1.52ct Lab Diamond Low Set Oval Solitaire
    ok  Yellow Gold (44 KB)
    skip White Gold (no render)
    skip Rose Gold (no render)
[218/333] The Audrey Ring - 3.00ct Lab Diamond Emerald Solitaire
    ok  Yellow Gold (46 KB)
    skip White Gold (no render)
    skip Rose Gold (no render)
[219/333] The Avery Ring - 1.54ct Lab Diamond Oval Solitaire with Marquise and Round Band
    ok  Yellow Gold (47 KB)
    skip White Gold (no render)
    skip Rose Gold (no render)
[220/333] The Ophelia Ring - 3.02ct Lab Grown Diamond Elongated Cushion Solitaire
    ok  Yellow Gold (39 KB)
    skip White Gold (no render)
    skip Rose Gold (no render)
[221/333] The Emilia Ring - Oval and Pear Basket Trilogy
    ok  Yellow Gold (61 KB)
    ok  White Gold (51 KB)
    ok  Rose Gold (61 KB)
[222/333] The Emilia Ring - Pear Basket Trilogy
    ok  Yellow Gold (64 KB)
    ok  White Gold (53 KB)
    ok  Rose Gold (64 KB)
[223/333] The Emilia Ring - Elongated Cushion and Pear Basket Trilogy
    ok  Yellow Gold (60 KB)
    ok  White Gold (50 KB)
    ok  Rose Gold (60 KB)
[224/333] The Emilia Ring - Radiant and Pear Basket Trilogy
    ok  Yellow Gold (63 KB)
    ok  White Gold (53 KB)
    ok  Rose Gold (62 KB)
[225/333] The Emilia Ring - Round and Pear Basket Trilogy
    ok  Yellow Gold (57 KB)
    ok  White Gold (46 KB)
    ok  Rose Gold (57 KB)
[226/333] The Emilia Ring - Marquise and Pear Basket Trilogy
    ok  Yellow Gold (65 KB)
    ok  White Gold (54 KB)
    ok  Rose Gold (65 KB)
[227/333] The Emilia Ring - Emerald and Pear Basket Trilogy
    ok  Yellow Gold (59 KB)
    ok  White Gold (48 KB)
    ok  Rose Gold (58 KB)
[228/333] The Amira Ring - 2.1ct Moissanite Oval with Marquise Accents
    skip Yellow Gold (no render)
    skip White Gold (no render)
    skip Rose Gold (no render)
[229/333] The Amira Ring - 2.1ct Moissanite Oval with Marquise Accents
    skip Yellow Gold (no render)
    skip White Gold (no render)
    skip Rose Gold (no render)
[230/333] The Amira Ring - 2.1ct Moissanite Oval with Marquise Accents
    skip Yellow Gold (no render)
    skip White Gold (no render)
    skip Rose Gold (no render)
[231/333] The Luise Ring® - 1.53ct Lab Diamond Oval Solitaire
    ok  Yellow Gold (47 KB)
    skip White Gold (no render)
    skip Rose Gold (no render)
[232/333] The Vienna Ring - 3.76ct Lab Diamond Radiant Solitaire
    ok  Yellow Gold (47 KB)
    skip White Gold (no render)
    skip Rose Gold (no render)
[233/333] The Blaire Ring - 1.51ct Lab Diamond Oval & Round Trilogy
    ok  Yellow Gold (48 KB)
    skip White Gold (no render)
    skip Rose Gold (no render)
[234/333] The Luise Ring® - 2.5ct Moissanite Oval Solitaire
    ok  Yellow Gold (47 KB)
    skip White Gold (no render)
    skip Rose Gold (no render)
[235/333] The Luise Ring® - 2.5ct Moissanite Oval Solitaire
    ok  Yellow Gold (47 KB)
    skip White Gold (no render)
    skip Rose Gold (no render)
[236/333] The Luise Ring® - 1.51ct Lab Diamond Low Set Oval Solitaire
    ok  Yellow Gold (44 KB)
    skip White Gold (no render)
    skip Rose Gold (no render)
[237/333] The Luise Ring® - 1.03ct Lab Diamond Oval Solitaire
    ok  Yellow Gold (47 KB)
    skip White Gold (no render)
    skip Rose Gold (no render)
[238/333] The Luise Ring® - 2.02ct Lab Diamond Oval Solitaire
    ok  Yellow Gold (47 KB)
    skip White Gold (no render)
    skip Rose Gold (no render)
[239/333] The Avery Ring - 1.53ct Lab Diamond Oval Solitaire with Marquise and Round Band
    ok  Yellow Gold (47 KB)
    skip White Gold (no render)
    skip Rose Gold (no render)
[240/333] The Avery Ring - 1.53ct Lab Diamond Oval Solitaire with Marquise and Round Band
    ok  Yellow Gold (47 KB)
    skip White Gold (no render)
    skip Rose Gold (no render)
[241/333] The Avery Ring - 2.1ct Moissanite Oval Solitaire with Marquise and Round Band
    ok  Yellow Gold (52 KB)
    skip White Gold (no render)
    skip Rose Gold (no render)
[242/333] The Luise Ring® - 1.5ct Moissanite Oval Solitaire
    ok  Yellow Gold (47 KB)
    skip White Gold (no render)
    skip Rose Gold (no render)
[243/333] The Luise Ring® - 2.1ct Moissanite Oval Solitaire
    ok  Yellow Gold (47 KB)
    skip White Gold (no render)
    skip Rose Gold (no render)
[244/333] The Ophelia Ring - 1.75ct Moissanite Elongated Cushion Solitaire
    ok  Yellow Gold (39 KB)
    skip White Gold (no render)
    skip Rose Gold (no render)
[245/333] The Luise Ring® - 1.54ct Lab Diamond Oval Solitaire
    ok  Yellow Gold (47 KB)
    skip White Gold (no render)
    skip Rose Gold (no render)
[246/333] The Ava Ring  - Pavé Wedding Ring
    ok  Yellow Gold (51 KB)
    ok  White Gold (35 KB)
    ok  Rose Gold (50 KB)
[247/333] The Classic Comfort Fit Ring
    ok  Yellow Gold (24 KB)
    ok  White Gold (17 KB)
    ok  Rose Gold (23 KB)
[248/333] The Eve Ring - Curved Marquise Wedding Ring
    ok  Yellow Gold (30 KB)
    ok  White Gold (23 KB)
    ok  Rose Gold (30 KB)
[249/333] The Genevieve Ring - Horizontal Oval Wedding Ring
    ok  Yellow Gold (55 KB)
    ok  White Gold (44 KB)
    ok  Rose Gold (55 KB)
[250/333] The Skylar Ring - Large Pavé Ring
    ok  Yellow Gold (61 KB)
    ok  White Gold (44 KB)
    ok  Rose Gold (60 KB)
[251/333] The Freya Ring - Marquise and Round Brilliant Ring
    ok  Yellow Gold (41 KB)
    ok  White Gold (32 KB)
    ok  Rose Gold (40 KB)
[252/333] The Theo Ring - Classic Comfort Fit Men's Wedding Band
    ok  Yellow Gold (31 KB)
    ok  White Gold (20 KB)
    ok  Rose Gold (30 KB)
[253/333] The Leon Ring - Flat Bevelled Edge Brushed Men's Wedding Band
    ok  Yellow Gold (40 KB)
    ok  White Gold (27 KB)
    ok  Rose Gold (39 KB)
[254/333] The Nikolas Ring - Brushed Classic Comfort Fit Men's Wedding Band
    ok  Yellow Gold (43 KB)
    ok  White Gold (29 KB)
    ok  Rose Gold (42 KB)
[255/333] The Calihan Ring - Brushed Chamfered Edge Men's Wedding Band
    ok  Yellow Gold (38 KB)
    ok  White Gold (25 KB)
    ok  Rose Gold (37 KB)
[256/333] The Classic Statement Ring
    ok  Yellow Gold (21 KB)
    ok  White Gold (16 KB)
    ok  Rose Gold (20 KB)
[257/333] The Gia Ring - Half Oval Ring
    ok  Yellow Gold (59 KB)
    ok  White Gold (48 KB)
    ok  Rose Gold (59 KB)
[258/333] The Classic Curved Ring - Plain Wedding Ring
    ok  Yellow Gold (20 KB)
    ok  White Gold (15 KB)
    ok  Rose Gold (19 KB)
[259/333] The Eve Ring - Curved Round Brilliant Wedding Ring
    ok  Yellow Gold (29 KB)
    ok  White Gold (21 KB)
    ok  Rose Gold (29 KB)
[260/333] The Eve Ring - Curved Wedding Ring
    ok  Yellow Gold (23 KB)
    ok  White Gold (17 KB)
    ok  Rose Gold (23 KB)
[261/333] The Eve Ring - Curved Pear Wedding Ring
    ok  Yellow Gold (34 KB)
    ok  White Gold (26 KB)
    ok  Rose Gold (34 KB)
[262/333] The Eve Ring - Curved Oval Wedding Ring
    ok  Yellow Gold (33 KB)
    ok  White Gold (25 KB)
    ok  Rose Gold (33 KB)
[263/333] The Aurelia Ring - Pavé Edge Contour Wedding Ring
    ok  Yellow Gold (62 KB)
    ok  White Gold (42 KB)
    ok  Rose Gold (61 KB)
[264/333] The Arielle Ring - Emerald Curved Wedding Ring
    ok  Yellow Gold (66 KB)
    ok  White Gold (50 KB)
    ok  Rose Gold (65 KB)
[265/333] The Narelle Ring - Emerald Contour Wedding Ring
    ok  Yellow Gold (77 KB)
    ok  White Gold (56 KB)
    ok  Rose Gold (76 KB)
[266/333] The Nalaya Ring - Scattered Pear and Round Contour Wedding Ring
    ok  Yellow Gold (87 KB)
    ok  White Gold (61 KB)
    ok  Rose Gold (86 KB)
[267/333] The Nara Ring - Pavé Edge Statement Wedding Ring
    ok  Yellow Gold (64 KB)
    ok  White Gold (42 KB)
    ok  Rose Gold (63 KB)
[268/333] The Lira Ring - Inset Statement Wedding Ring
    ok  Yellow Gold (39 KB)
    ok  White Gold (27 KB)
    ok  Rose Gold (38 KB)
[269/333] The Saphira Ring - Slanted Marquise Wedding Ring
    ok  Yellow Gold (66 KB)
    ok  White Gold (52 KB)
    ok  Rose Gold (66 KB)
[270/333] The Harper Ring - Horizontal Oval Bezel Wedding Ring
    ok  Yellow Gold (57 KB)
    ok  White Gold (43 KB)
    ok  Rose Gold (56 KB)
[271/333] The Harper Ring - Elongated Cushion Bezel Wedding Ring
    ok  Yellow Gold (55 KB)
    ok  White Gold (42 KB)
    ok  Rose Gold (55 KB)
[272/333] The Harper Ring - Pear and Oval Bezel Wedding Ring
    ok  Yellow Gold (71 KB)
    ok  White Gold (52 KB)
    ok  Rose Gold (70 KB)
[273/333] The Oceane Ring - Marquise and Round Brilliant Wedding Ring
    ok  Yellow Gold (55 KB)
    ok  White Gold (41 KB)
    ok  Rose Gold (54 KB)
[274/333] The Octavian Ring - Hammered Men's Wedding Band
    ok  Yellow Gold (40 KB)
    ok  White Gold (26 KB)
    ok  Rose Gold (39 KB)
[275/333] The Elias Ring - Domed Men's Wedding Band
    ok  Yellow Gold (31 KB)
    ok  White Gold (22 KB)
    ok  Rose Gold (31 KB)
[276/333] The Deacon Ring - Brushed Centre Men's Wedding Band
    ok  Yellow Gold (42 KB)
    ok  White Gold (29 KB)
    ok  Rose Gold (41 KB)
[277/333] The Matteo Ring - Classic Statement Men's Wedding Band
    ok  Yellow Gold (21 KB)
    ok  White Gold (16 KB)
    ok  Rose Gold (20 KB)
[278/333] The Calihan Ring - Brushed Zirconium Chamfered Edge Men's Wedding Band
    skip Yellow Gold (no render)
    skip White Gold (no render)
    skip Rose Gold (no render)
[279/333] The Arte Ring - Flat Brushed Dual Grooved Men's Wedding Band
    skip Yellow Gold (no render)
    skip White Gold (no render)
    skip Rose Gold (no render)
[280/333] The Mae Ring - Inset Cultured Gemstone Ring
    skip Yellow Gold (no render)
    skip White Gold (no render)
    skip Rose Gold (no render)
[281/333] The Greta Ring - Alternating Baguette and Round Wedding Ring
    ok  Yellow Gold (49 KB)
    ok  White Gold (35 KB)
    ok  Rose Gold (48 KB)
[282/333] The Noemie Ring - Baguette Wedding Ring
    ok  Yellow Gold (39 KB)
    ok  White Gold (32 KB)
    ok  Rose Gold (39 KB)
[283/333] The Amaré Ring - Contour Wedding Ring
    ok  Yellow Gold (29 KB)
    ok  White Gold (20 KB)
    ok  Rose Gold (28 KB)
[284/333] The Camille Ring - Curved Pavé Wedding Ring
    ok  Yellow Gold (49 KB)
    ok  White Gold (36 KB)
    ok  Rose Gold (49 KB)
[285/333] The Cybelle Ring - Chevron Wedding Ring
    skip Yellow Gold (no render)
    skip White Gold (no render)
    skip Rose Gold (no render)
[286/333] The Classic Chevron Ring - Plain Wedding Ring
    skip Yellow Gold (no render)
    skip White Gold (no render)
    skip Rose Gold (no render)
[287/333] The Arden Ring - Pavé Chevron Wedding Ring
    skip Yellow Gold (no render)
    skip White Gold (no render)
    skip Rose Gold (no render)
[288/333] The Fae Ring - Organic Curved Wedding Ring
    ok  Yellow Gold (31 KB)
    ok  White Gold (22 KB)
    ok  Rose Gold (30 KB)
[289/333] The Classic Knife Edge Wedding Ring
    ok  Yellow Gold (25 KB)
    ok  White Gold (17 KB)
    ok  Rose Gold (24 KB)
[290/333] The Estelle Ring - Scattered Pear and Round Ring
    ok  Yellow Gold (68 KB)
    ok  White Gold (48 KB)
    ok  Rose Gold (67 KB)
[291/333] The Maeva Ring - Asscher Wedding Ring
    ok  Yellow Gold (68 KB)
    ok  White Gold (55 KB)
    ok  Rose Gold (67 KB)
[292/333] The Adonis Ring - Round Brilliant Inlay Brushed Men's Wedding Band
    ok  Yellow Gold (49 KB)
    ok  White Gold (33 KB)
    ok  Rose Gold (48 KB)
[293/333] The Alexander Ring -  Round Brilliant Inlay Comfort Fit Men's Wedding Band
    ok  Yellow Gold (35 KB)
    ok  White Gold (24 KB)
    ok  Rose Gold (35 KB)
[294/333] The Harper Ring - Oval Bezel Wedding Ring
    ok  Yellow Gold (61 KB)
    ok  White Gold (51 KB)
    ok  Rose Gold (61 KB)
[295/333] The Harper Ring - Pear Bezel Wedding Ring
    ok  Yellow Gold (54 KB)
    ok  White Gold (44 KB)
    ok  Rose Gold (54 KB)
[296/333] The Harper Ring - Round Bezel Wedding Ring
    ok  Yellow Gold (55 KB)
    ok  White Gold (44 KB)
    ok  Rose Gold (55 KB)
[297/333] The Harper Ring - Emerald Bezel Wedding Ring
    ok  Yellow Gold (68 KB)
    ok  White Gold (57 KB)
    ok  Rose Gold (68 KB)
[298/333] The Markos Ring - Brushed Ezi Fit Men's Wedding Band
    skip Yellow Gold (no render)
    skip White Gold (no render)
    skip Rose Gold (no render)
[299/333] The Emrys Ring - Classic Comfort Fit Men's Wedding Band
    skip Yellow Gold (no render)
    skip White Gold (no render)
    skip Rose Gold (no render)
[300/333] The Hugo Ring - Brushed Dual Grooved Men's Wedding Band
    ok  Yellow Gold (50 KB)
    ok  White Gold (32 KB)
    ok  Rose Gold (49 KB)
[301/333] The Argo Ring - Brushed Step Edge Men's Wedding Band
    ok  Yellow Gold (39 KB)
    ok  White Gold (26 KB)
    ok  Rose Gold (38 KB)
[302/333] The Carlo Ring - Chevron Men's Wedding Band
    ok  Yellow Gold (28 KB)
    ok  White Gold (20 KB)
    ok  Rose Gold (28 KB)
[303/333] The Arlo Ring - Brushed Soft Chamfered Edge Men’s Wedding Band
    ok  Yellow Gold (37 KB)
    ok  White Gold (25 KB)
    ok  Rose Gold (35 KB)
[304/333] The Adrian Ring - Double Groove Men's Wedding Band
    ok  Yellow Gold (42 KB)
    ok  White Gold (27 KB)
    ok  Rose Gold (41 KB)
[305/333] The Atlas Ring - Brushed Modular Men's Wedding Band
    ok  Yellow Gold (42 KB)
    ok  White Gold (27 KB)
    ok  Rose Gold (41 KB)
[306/333] The Lucie Ring - Horizontal Pear Wedding Ring
    ok  Yellow Gold (47 KB)
    ok  White Gold (35 KB)
    ok  Rose Gold (47 KB)
[307/333] The Violette Ring - Round Brilliant Wedding Ring
    ok  Yellow Gold (57 KB)
    ok  White Gold (40 KB)
    ok  Rose Gold (56 KB)
[308/333] The Freya Ring - Marquise Ring
    ok  Yellow Gold (40 KB)
    ok  White Gold (32 KB)
    ok  Rose Gold (40 KB)
[309/333] The Brea Ring - Baguette Ring
    skip Yellow Gold (no render)
    skip White Gold (no render)
    skip Rose Gold (no render)
[310/333] The Classic Domed Wedding Ring
    ok  Yellow Gold (31 KB)
    ok  White Gold (22 KB)
    ok  Rose Gold (31 KB)
[311/333] The Orion Ring - Milgrain-Detail Men's Wedding Band
    ok  Yellow Gold (52 KB)
    ok  White Gold (32 KB)
    ok  Rose Gold (51 KB)
[312/333] The Evander Ring - Brushed Statement Men's Wedding Band
    ok  Yellow Gold (35 KB)
    ok  White Gold (24 KB)
    ok  Rose Gold (34 KB)
[313/333] The Erasmuz Ring - Brushed Milgrain-Detail Men's Wedding Band
    ok  Yellow Gold (57 KB)
    ok  White Gold (36 KB)
    ok  Rose Gold (55 KB)
[314/333] The Harlow Ring - Dainty Round Brilliant Ring
    ok  Yellow Gold (33 KB)
    ok  White Gold (25 KB)
    ok  Rose Gold (33 KB)
[315/333] The Zuri Ring - Dainty Marquise Ring
    ok  Yellow Gold (37 KB)
    ok  White Gold (29 KB)
    ok  Rose Gold (37 KB)
[316/333] The Kiah Ring - Dainty Baguette Ring
    ok  Yellow Gold (34 KB)
    ok  White Gold (27 KB)
    ok  Rose Gold (34 KB)
[317/333] The Clara Ring - Cultured Sapphire Wedding Ring
    ok  Yellow Gold (37 KB)
    ok  White Gold (30 KB)
    ok  Rose Gold (37 KB)
[318/333] The Niah Ring - Cultured Sapphire Wedding Ring
    ok  Yellow Gold (40 KB)
    ok  White Gold (32 KB)
    ok  Rose Gold (40 KB)
[319/333] The Grace Ring - Crown Wedding Ring
    skip Yellow Gold (no render)
    skip White Gold (no render)
    skip Rose Gold (no render)
[320/333] The Diana Ring - Crown Wedding Ring
    skip Yellow Gold (no render)
    skip White Gold (no render)
    skip Rose Gold (no render)
[321/333] The Eleanor Ring - Crown Wedding Ring
    skip Yellow Gold (no render)
    skip White Gold (no render)
    skip Rose Gold (no render)
[322/333] The Nikos Ring - Singular Grooved Brushed Men's Wedding Band
    ok  Yellow Gold (44 KB)
    ok  White Gold (28 KB)
    ok  Rose Gold (43 KB)
[323/333] The Julian Ring - Classic Knife Edge Men's Wedding Band
    ok  Yellow Gold (25 KB)
    ok  White Gold (17 KB)
    ok  Rose Gold (26 KB)
[324/333] The Olympus Ring - Petite Round Tension Set Men's Wedding Band
    ok  Yellow Gold (35 KB)
    ok  White Gold (25 KB)
    ok  Rose Gold (35 KB)
[325/333] The Olympus Ring - Statement Round Tension Set Men's Wedding Band
    ok  Yellow Gold (37 KB)
    ok  White Gold (27 KB)
    ok  Rose Gold (37 KB)
[326/333] The Signature Heart Milgrain Signet Ring
    ok  Yellow Gold (45 KB)
    ok  White Gold (32 KB)
    ok  Rose Gold (45 KB)
[327/333] The Signature Heart Inlay Signet Ring
    ok  Yellow Gold (29 KB)
    ok  White Gold (21 KB)
    ok  Rose Gold (29 KB)
[328/333] Signature Petite Oval Signet Ring
    ok  Yellow Gold (28 KB)
    ok  White Gold (20 KB)
    ok  Rose Gold (28 KB)
[329/333] Signature Petite Marquise Signet Ring
    ok  Yellow Gold (28 KB)
    ok  White Gold (20 KB)
    ok  Rose Gold (27 KB)
[330/333] Signature Petite Round Signet Ring
    ok  Yellow Gold (30 KB)
    ok  White Gold (22 KB)
    ok  Rose Gold (29 KB)
[331/333] Signature Oval Signet Ring
    ok  Yellow Gold (33 KB)
    ok  White Gold (23 KB)
    ok  Rose Gold (33 KB)
[332/333] Signature Marquise Signet Ring
    ok  Yellow Gold (30 KB)
    ok  White Gold (21 KB)
    ok  Rose Gold (30 KB)
[333/333] Signature Round Signet Ring
    ok  Yellow Gold (41 KB)
    ok  White Gold (29 KB)
    ok  Rose Gold (40 KB)

=== Summary ===
  products : 333
  rows     : 999
  downloaded: 780
  skipped  : 219
  failed   : 0
  catalog  : /Users/rahath/Desktop/projects/ELYSIUM MVP/exports/tmc-ring-catalog/catalog.json

Next: node scripts/build-tmc-client-catalog-sheet.py
